[
  [
    "CompleteCommand_CList",
    [
      "CList_AndOr",
      [
        "AndOr_Pipeline",
        [
          "Pipeline_PipeSequence",
          [
            "PipeSequence_Command",
            [
              "Command_FunctionDefinition",
              [
                "FunctionDefinition_Fname_Lparen_Rparen_LineBreak_FunctionBody",
                [ "Fname_Name", [ "Name", "f" ] ],
                [ "LineBreak_NewLineList", [ "NewLineList_NewLine" ] ],
                [
                  "FunctionBody_CompoundCommand",
                  [
                    "CompoundCommand_BraceGroup",
                    [
                      "BraceGroup_LBrace_CompoundList_RBrace",
                      [
                        "CompoundList_NewLineList_Term_Separator",
                        [ "NewLineList_NewLine" ],
                        [
                          "Term_AndOr",
                          [
                            "AndOr_Pipeline",
                            [
                              "Pipeline_PipeSequence",
                              [
                                "PipeSequence_Command",
                                [
                                  "Command_SimpleCommand",
                                  [
                                    "SimpleCommand_CmdPrefix",
                                    [
                                      "CmdPrefix_AssignmentWord",
                                      [
                                        [ "Name", "tempdir" ],
                                        [
                                          "Word",
                                          "`mktemp --directory --suffix=.aptlc`",
                                          [
                                            [
                                              "WordSubshell",
                                              [ "SubShellKindBackQuote" ],
                                              [
                                                [
                                                  "CompleteCommand_CList",
                                                  [
                                                    "CList_AndOr",
                                                    [
                                                      "AndOr_Pipeline",
                                                      [
                                                        "Pipeline_PipeSequence",
                                                        [
                                                          "PipeSequence_Command",
                                                          [
                                                            "Command_SimpleCommand",
                                                            [
                                                              "SimpleCommand_CmdName_CmdSuffix",
                                                              [
                                                                "CmdName_Word",
                                                                [
                                                                  "Word",
                                                                  "mktemp",
                                                                  [
                                                                    [
                                                                    "WordName",
                                                                    "mktemp"
                                                                    ]
                                                                  ]
                                                                ]
                                                              ],
                                                              [
                                                                "CmdSuffix_CmdSuffix_Word",
                                                                [
                                                                  "CmdSuffix_Word",
                                                                  [
                                                                    "Word",
                                                                    "--directory",
                                                                    [
                                                                    [
                                                                    "WordLiteral",
                                                                    "--directory"
                                                                    ]
                                                                    ]
                                                                  ]
                                                                ],
                                                                [
                                                                  "Word",
                                                                  "--suffix=.aptlc",
                                                                  [
                                                                    [
                                                                    "WordLiteral",
                                                                    "--suffix=.aptlc"
                                                                    ]
                                                                  ]
                                                                ]
                                                              ]
                                                            ]
                                                          ]
                                                        ]
                                                      ]
                                                    ]
                                                  ]
                                                ]
                                              ]
                                            ]
                                          ]
                                        ]
                                      ]
                                    ]
                                  ]
                                ]
                              ]
                            ]
                          ]
                        ],
                        [
                          "Separator_NewLineList",
                          [ "NewLineList_NewLine" ]
                        ]
                      ]
                    ]
                  ]
                ]
              ]
            ]
          ]
        ]
      ]
    ]
  ]
]