[
  [
    "CompleteCommand_CList",
    [
      "CList_AndOr",
      [
        "AndOr_Pipeline",
        [
          "Pipeline_PipeSequence",
          [
            "PipeSequence_Command",
            [
              "Command_CompoundCommand",
              [
                "CompoundCommand_IfClause",
                [
                  "IfClause_If_CompoundList_Then_CompoundList_Fi",
                  [
                    "CompoundList_Term_Separator",
                    [
                      "Term_AndOr",
                      [
                        "AndOr_Pipeline",
                        [
                          "Pipeline_PipeSequence",
                          [
                            "PipeSequence_Command",
                            [
                              "Command_SimpleCommand",
                              [
                                "SimpleCommand_CmdName",
                                [ "CmdName_Word", [ "Word", "a" ] ]
                              ]
                            ]
                          ]
                        ]
                      ]
                    ],
                    [
                      "Separator_SeparatorOp_LineBreak",
                      [ "SeparatorOp_Semicolon" ],
                      [ "LineBreak_Empty" ]
                    ]
                  ],
                  [
                    "CompoundList_Term_Separator",
                    [
                      "Term_AndOr",
                      [
                        "AndOr_Pipeline",
                        [
                          "Pipeline_PipeSequence",
                          [
                            "PipeSequence_Command",
                            [
                              "Command_SimpleCommand",
                              [
                                "SimpleCommand_CmdName",
                                [ "CmdName_Word", [ "Word", "true" ] ]
                              ]
                            ]
                          ]
                        ]
                      ]
                    ],
                    [
                      "Separator_SeparatorOp_LineBreak",
                      [ "SeparatorOp_Semicolon" ],
                      [ "LineBreak_Empty" ]
                    ]
                  ]
                ]
              ]
            ]
          ]
        ]
      ]
    ]
  ]
]