[
  [
    "CompleteCommand_CList",
    [
      "CList_AndOr",
      [
        "AndOr_Pipeline",
        [
          "Pipeline_PipeSequence",
          [
            "PipeSequence_Command",
            [
              "Command_CompoundCommand",
              [
                "CompoundCommand_IfClause",
                [
                  "IfClause_If_CompoundList_Then_CompoundList_ElsePart_Fi",
                  [
                    "CompoundList_Term_Separator",
                    [
                      "Term_AndOr",
                      [
                        "AndOr_Pipeline",
                        [
                          "Pipeline_PipeSequence",
                          [
                            "PipeSequence_Command",
                            [
                              "Command_SimpleCommand",
                              [
                                "SimpleCommand_CmdName",
                                [
                                  "CmdName_Word",
                                  [ "Word", "a", [ [ "WordName", "a" ] ] ]
                                ]
                              ]
                            ]
                          ]
                        ]
                      ]
                    ],
                    [ "Separator_NewLineList", [ "NewLineList_NewLine" ] ]
                  ],
                  [
                    "CompoundList_NewLineList_Term_Separator",
                    [ "NewLineList_NewLine" ],
                    [
                      "Term_AndOr",
                      [
                        "AndOr_Pipeline",
                        [
                          "Pipeline_PipeSequence",
                          [
                            "PipeSequence_Command",
                            [
                              "Command_SimpleCommand",
                              [
                                "SimpleCommand_CmdName",
                                [
                                  "CmdName_Word",
                                  [
                                    "Word",
                                    "true",
                                    [ [ "WordName", "true" ] ]
                                  ]
                                ]
                              ]
                            ]
                          ]
                        ]
                      ]
                    ],
                    [ "Separator_NewLineList", [ "NewLineList_NewLine" ] ]
                  ],
                  [
                    "ElsePart_Else_CompoundList",
                    [
                      "CompoundList_NewLineList_Term_Separator",
                      [ "NewLineList_NewLine" ],
                      [
                        "Term_AndOr",
                        [
                          "AndOr_Pipeline",
                          [
                            "Pipeline_PipeSequence",
                            [
                              "PipeSequence_Command",
                              [
                                "Command_SimpleCommand",
                                [
                                  "SimpleCommand_CmdName",
                                  [
                                    "CmdName_Word",
                                    [
                                      "Word",
                                      "false",
                                      [ [ "WordName", "false" ] ]
                                    ]
                                  ]
                                ]
                              ]
                            ]
                          ]
                        ]
                      ],
                      [ "Separator_NewLineList", [ "NewLineList_NewLine" ] ]
                    ]
                  ]
                ]
              ]
            ]
          ]
        ]
      ]
    ]
  ]
]