[
  [
    "CompleteCommand_CList",
    [
      "CList_AndOr",
      [
        "AndOr_Pipeline",
        [
          "Pipeline_PipeSequence",
          [
            "PipeSequence_Command",
            [
              "Command_SimpleCommand",
              [
                "SimpleCommand_CmdName_CmdSuffix",
                [
                  "CmdName_Word",
                  [ "Word", "echo", [ [ "WordName", "echo" ] ] ]
                ],
                [
                  "CmdSuffix_IoRedirect",
                  [
                    "IoRedirect_IoFile",
                    [
                      "IoFile_GreatAnd_FileName",
                      [
                        "Filename_Word",
                        [ "Word", "word", [ [ "WordName", "word" ] ] ]
                      ]
                    ]
                  ]
                ]
              ]
            ]
          ]
        ]
      ]
    ]
  ],
  [
    "CompleteCommand_CList",
    [
      "CList_AndOr",
      [
        "AndOr_Pipeline",
        [
          "Pipeline_PipeSequence",
          [
            "PipeSequence_Command",
            [
              "Command_SimpleCommand",
              [
                "SimpleCommand_CmdName_CmdSuffix",
                [
                  "CmdName_Word",
                  [ "Word", "echo", [ [ "WordName", "echo" ] ] ]
                ],
                [
                  "CmdSuffix_IoRedirect",
                  [
                    "IoRedirect_IoNumber_IoFile",
                    [ "IONumber", "2" ],
                    [
                      "IoFile_GreatAnd_FileName",
                      [
                        "Filename_Word",
                        [ "Word", "word", [ [ "WordName", "word" ] ] ]
                      ]
                    ]
                  ]
                ]
              ]
            ]
          ]
        ]
      ]
    ]
  ],
  [
    "CompleteCommand_CList",
    [
      "CList_AndOr",
      [
        "AndOr_Pipeline",
        [
          "Pipeline_PipeSequence",
          [
            "PipeSequence_Command",
            [
              "Command_SimpleCommand",
              [
                "SimpleCommand_CmdName_CmdSuffix",
                [
                  "CmdName_Word",
                  [ "Word", "echo", [ [ "WordName", "echo" ] ] ]
                ],
                [
                  "CmdSuffix_CmdSuffix_IoRedirect",
                  [
                    "CmdSuffix_Word",
                    [ "Word", "4", [ [ "WordLiteral", "4" ] ] ]
                  ],
                  [
                    "IoRedirect_IoFile",
                    [
                      "IoFile_GreatAnd_FileName",
                      [
                        "Filename_Word",
                        [ "Word", "word", [ [ "WordName", "word" ] ] ]
                      ]
                    ]
                  ]
                ]
              ]
            ]
          ]
        ]
      ]
    ]
  ],
  [
    "CompleteCommand_CList",
    [
      "CList_AndOr",
      [
        "AndOr_Pipeline",
        [
          "Pipeline_PipeSequence",
          [
            "PipeSequence_Command",
            [
              "Command_SimpleCommand",
              [
                "SimpleCommand_CmdName_CmdSuffix",
                [
                  "CmdName_Word",
                  [ "Word", "echo", [ [ "WordName", "echo" ] ] ]
                ],
                [
                  "CmdSuffix_IoRedirect",
                  [
                    "IoRedirect_IoNumber_IoFile",
                    [ "IONumber", "5" ],
                    [
                      "IoFile_GreatAnd_FileName",
                      [
                        "Filename_Word",
                        [ "Word", "word", [ [ "WordName", "word" ] ] ]
                      ]
                    ]
                  ]
                ]
              ]
            ]
          ]
        ]
      ]
    ]
  ],
  [
    "CompleteCommand_CList",
    [
      "CList_AndOr",
      [
        "AndOr_Pipeline",
        [
          "Pipeline_PipeSequence",
          [
            "PipeSequence_Command",
            [
              "Command_SimpleCommand",
              [
                "SimpleCommand_CmdName_CmdSuffix",
                [
                  "CmdName_Word",
                  [ "Word", "echo", [ [ "WordName", "echo" ] ] ]
                ],
                [
                  "CmdSuffix_CmdSuffix_IoRedirect",
                  [
                    "CmdSuffix_Word",
                    [ "Word", "6", [ [ "WordLiteral", "6" ] ] ]
                  ],
                  [
                    "IoRedirect_IoFile",
                    [
                      "IoFile_GreatAnd_FileName",
                      [
                        "Filename_Word",
                        [ "Word", "word", [ [ "WordName", "word" ] ] ]
                      ]
                    ]
                  ]
                ]
              ]
            ]
          ]
        ]
      ]
    ]
  ],
  [
    "CompleteCommand_CList",
    [
      "CList_AndOr",
      [
        "AndOr_Pipeline",
        [
          "Pipeline_PipeSequence",
          [
            "PipeSequence_Command",
            [
              "Command_SimpleCommand",
              [
                "SimpleCommand_CmdName_CmdSuffix",
                [
                  "CmdName_Word",
                  [ "Word", "echo", [ [ "WordName", "echo" ] ] ]
                ],
                [
                  "CmdSuffix_IoRedirect",
                  [
                    "IoRedirect_IoNumber_IoFile",
                    [ "IONumber", "7" ],
                    [
                      "IoFile_GreatAnd_FileName",
                      [
                        "Filename_Word",
                        [ "Word", "2", [ [ "WordLiteral", "2" ] ] ]
                      ]
                    ]
                  ]
                ]
              ]
            ]
          ]
        ]
      ]
    ]
  ],
  [
    "CompleteCommand_CList",
    [
      "CList_AndOr",
      [
        "AndOr_Pipeline",
        [
          "Pipeline_PipeSequence",
          [
            "PipeSequence_Command",
            [
              "Command_SimpleCommand",
              [
                "SimpleCommand_CmdName_CmdSuffix",
                [
                  "CmdName_Word",
                  [ "Word", "echo", [ [ "WordName", "echo" ] ] ]
                ],
                [
                  "CmdSuffix_CmdSuffix_IoRedirect",
                  [
                    "CmdSuffix_Word",
                    [ "Word", "8", [ [ "WordLiteral", "8" ] ] ]
                  ],
                  [
                    "IoRedirect_IoFile",
                    [
                      "IoFile_GreatAnd_FileName",
                      [
                        "Filename_Word",
                        [ "Word", "-", [ [ "WordLiteral", "-" ] ] ]
                      ]
                    ]
                  ]
                ]
              ]
            ]
          ]
        ]
      ]
    ]
  ],
  [
    "CompleteCommand_CList",
    [
      "CList_AndOr",
      [
        "AndOr_Pipeline",
        [
          "Pipeline_PipeSequence",
          [
            "PipeSequence_Command",
            [
              "Command_SimpleCommand",
              [
                "SimpleCommand_CmdName_CmdSuffix",
                [
                  "CmdName_Word",
                  [ "Word", "echo", [ [ "WordName", "echo" ] ] ]
                ],
                [
                  "CmdSuffix_IoRedirect",
                  [
                    "IoRedirect_IoNumber_IoFile",
                    [ "IONumber", "9" ],
                    [
                      "IoFile_GreatAnd_FileName",
                      [
                        "Filename_Word",
                        [
                          "Word",
                          "$(echo 2)",
                          [
                            [
                              "WordSubshell",
                              [ "SubShellKindParentheses" ],
                              [
                                [
                                  "CompleteCommand_CList",
                                  [
                                    "CList_AndOr",
                                    [
                                      "AndOr_Pipeline",
                                      [
                                        "Pipeline_PipeSequence",
                                        [
                                          "PipeSequence_Command",
                                          [
                                            "Command_SimpleCommand",
                                            [
                                              "SimpleCommand_CmdName_CmdSuffix",
                                              [
                                                "CmdName_Word",
                                                [
                                                  "Word",
                                                  "echo",
                                                  [ [ "WordName", "echo" ] ]
                                                ]
                                              ],
                                              [
                                                "CmdSuffix_Word",
                                                [
                                                  "Word",
                                                  "2",
                                                  [ [ "WordLiteral", "2" ] ]
                                                ]
                                              ]
                                            ]
                                          ]
                                        ]
                                      ]
                                    ]
                                  ]
                                ]
                              ]
                            ]
                          ]
                        ]
                      ]
                    ]
                  ]
                ]
              ]
            ]
          ]
        ]
      ]
    ]
  ],
  [
    "CompleteCommand_CList",
    [
      "CList_AndOr",
      [
        "AndOr_Pipeline",
        [
          "Pipeline_PipeSequence",
          [
            "PipeSequence_Command",
            [
              "Command_SimpleCommand",
              [
                "SimpleCommand_CmdName_CmdSuffix",
                [
                  "CmdName_Word",
                  [ "Word", "echo", [ [ "WordName", "echo" ] ] ]
                ],
                [
                  "CmdSuffix_CmdSuffix_IoRedirect",
                  [
                    "CmdSuffix_Word",
                    [ "Word", "2", [ [ "WordLiteral", "2" ] ] ]
                  ],
                  [
                    "IoRedirect_IoFile",
                    [
                      "IoFile_GreatAnd_FileName",
                      [
                        "Filename_Word",
                        [
                          "Word",
                          "$((3 + 1))",
                          [ [ "WordLiteral", "$((3 + 1))" ] ]
                        ]
                      ]
                    ]
                  ]
                ]
              ]
            ]
          ]
        ]
      ]
    ]
  ]
]