[
  [
    "CompleteCommand_CList",
    [
      "CList_AndOr",
      [
        "AndOr_Pipeline",
        [
          "Pipeline_PipeSequence",
          [
            "PipeSequence_Command",
            [
              "Command_SimpleCommand",
              [
                "SimpleCommand_CmdName_CmdSuffix",
                [ "CmdName_Word", [ "Word", "echo" ] ],
                [
                  "CmdSuffix_CmdSuffix_IoRedirect",
                  [ "CmdSuffix_Word", [ "Word", "\\2" ] ],
                  [
                    "IoRedirect_IoFile",
                    [
                      "IoFile_Great_FileName",
                      [ "Filename_Word", [ "Word", "a" ] ]
                    ]
                  ]
                ]
              ]
            ]
          ]
        ]
      ]
    ]
  ]
]