[
  [
    "CompleteCommand_CList",
    [
      "CList_AndOr",
      [
        "AndOr_Pipeline",
        [
          "Pipeline_PipeSequence",
          [
            "PipeSequence_Command",
            [
              "Command_CompoundCommand",
              [
                "CompoundCommand_Subshell",
                [
                  "Subshell_Lparen_CompoundList_Rparen",
                  [
                    "CompoundList_Term",
                    [
                      "Term_AndOr",
                      [
                        "AndOr_Pipeline",
                        [
                          "Pipeline_PipeSequence",
                          [
                            "PipeSequence_Command",
                            [
                              "Command_CompoundCommand",
                              [
                                "CompoundCommand_Subshell",
                                [
                                  "Subshell_Lparen_CompoundList_Rparen",
                                  [
                                    "CompoundList_Term",
                                    [
                                      "Term_AndOr",
                                      [
                                        "AndOr_Pipeline",
                                        [
                                          "Pipeline_PipeSequence",
                                          [
                                            "PipeSequence_Command",
                                            [
                                              "Command_SimpleCommand",
                                              [
                                                "SimpleCommand_CmdName_CmdSuffix",
                                                [
                                                  "CmdName_Word",
                                                  [
                                                    "Word",
                                                    "echo",
                                                    [
                                                      [ "WordName", "echo" ]
                                                    ]
                                                  ]
                                                ],
                                                [
                                                  "CmdSuffix_Word",
                                                  [
                                                    "Word",
                                                    "foo",
                                                    [ [ "WordName", "foo" ] ]
                                                  ]
                                                ]
                                              ]
                                            ]
                                          ]
                                        ]
                                      ]
                                    ]
                                  ]
                                ]
                              ]
                            ]
                          ]
                        ]
                      ]
                    ]
                  ]
                ]
              ]
            ]
          ]
        ]
      ]
    ]
  ]
]