[
  [
    "CompleteCommand_CList",
    [
      "CList_AndOr",
      [
        "AndOr_Pipeline",
        [
          "Pipeline_PipeSequence",
          [
            "PipeSequence_Command",
            [
              "Command_CompoundCommand",
              [
                "CompoundCommand_Subshell",
                [
                  "Subshell_Lparen_CompoundList_Rparen",
                  [
                    "CompoundList_Term",
                    [
                      "Term_Term_Separator_AndOr",
                      [
                        "Term_AndOr",
                        [
                          "AndOr_Pipeline",
                          [
                            "Pipeline_PipeSequence",
                            [
                              "PipeSequence_Command",
                              [
                                "Command_SimpleCommand",
                                [
                                  "SimpleCommand_CmdName_CmdSuffix",
                                  [ "CmdName_Word", [ "Word", "a" ] ],
                                  [ "CmdSuffix_Word", [ "Word", "b" ] ]
                                ]
                              ]
                            ]
                          ]
                        ]
                      ],
                      [
                        "Separator_SeparatorOp_LineBreak",
                        [ "SeparatorOp_Semicolon" ],
                        [ "LineBreak_Empty" ]
                      ],
                      [
                        "AndOr_Pipeline",
                        [
                          "Pipeline_PipeSequence",
                          [
                            "PipeSequence_Command",
                            [
                              "Command_SimpleCommand",
                              [
                                "SimpleCommand_CmdName",
                                [ "CmdName_Word", [ "Word", "c" ] ]
                              ]
                            ]
                          ]
                        ]
                      ]
                    ]
                  ]
                ]
              ]
            ]
          ]
        ]
      ]
    ]
  ]
]