[
  [
    "CompleteCommand_CList",
    [
      "CList_AndOr",
      [
        "AndOr_Pipeline",
        [
          "Pipeline_PipeSequence",
          [
            "PipeSequence_Command",
            [
              "Command_SimpleCommand",
              [
                "SimpleCommand_CmdName_CmdSuffix",
                [ "CmdName_Word", [ "Word", "echo" ] ],
                [
                  "CmdSuffix_IoRedirect",
                  [
                    "IoRedirect_IoFile",
                    [
                      "IoFile_LessAnd_FileName",
                      [ "Filename_Word", [ "Word", "word" ] ]
                    ]
                  ]
                ]
              ]
            ]
          ]
        ]
      ]
    ]
  ],
  [
    "CompleteCommand_CList",
    [
      "CList_AndOr",
      [
        "AndOr_Pipeline",
        [
          "Pipeline_PipeSequence",
          [
            "PipeSequence_Command",
            [
              "Command_SimpleCommand",
              [
                "SimpleCommand_CmdName_CmdSuffix",
                [ "CmdName_Word", [ "Word", "echo" ] ],
                [
                  "CmdSuffix_IoRedirect",
                  [
                    "IoRedirect_IoNumber_IoFile",
                    [ "IONumber", "2" ],
                    [
                      "IoFile_LessAnd_FileName",
                      [ "Filename_Word", [ "Word", "word" ] ]
                    ]
                  ]
                ]
              ]
            ]
          ]
        ]
      ]
    ]
  ],
  [
    "CompleteCommand_CList",
    [
      "CList_AndOr",
      [
        "AndOr_Pipeline",
        [
          "Pipeline_PipeSequence",
          [
            "PipeSequence_Command",
            [
              "Command_SimpleCommand",
              [
                "SimpleCommand_CmdName_CmdSuffix",
                [ "CmdName_Word", [ "Word", "echo" ] ],
                [
                  "CmdSuffix_CmdSuffix_IoRedirect",
                  [ "CmdSuffix_Word", [ "Word", "4" ] ],
                  [
                    "IoRedirect_IoFile",
                    [
                      "IoFile_LessAnd_FileName",
                      [ "Filename_Word", [ "Word", "word" ] ]
                    ]
                  ]
                ]
              ]
            ]
          ]
        ]
      ]
    ]
  ],
  [
    "CompleteCommand_CList",
    [
      "CList_AndOr",
      [
        "AndOr_Pipeline",
        [
          "Pipeline_PipeSequence",
          [
            "PipeSequence_Command",
            [
              "Command_SimpleCommand",
              [
                "SimpleCommand_CmdName_CmdSuffix",
                [ "CmdName_Word", [ "Word", "echo" ] ],
                [
                  "CmdSuffix_IoRedirect",
                  [
                    "IoRedirect_IoNumber_IoFile",
                    [ "IONumber", "5" ],
                    [
                      "IoFile_LessAnd_FileName",
                      [ "Filename_Word", [ "Word", "word" ] ]
                    ]
                  ]
                ]
              ]
            ]
          ]
        ]
      ]
    ]
  ],
  [
    "CompleteCommand_CList",
    [
      "CList_AndOr",
      [
        "AndOr_Pipeline",
        [
          "Pipeline_PipeSequence",
          [
            "PipeSequence_Command",
            [
              "Command_SimpleCommand",
              [
                "SimpleCommand_CmdName_CmdSuffix",
                [ "CmdName_Word", [ "Word", "echo" ] ],
                [
                  "CmdSuffix_CmdSuffix_IoRedirect",
                  [ "CmdSuffix_Word", [ "Word", "6" ] ],
                  [
                    "IoRedirect_IoFile",
                    [
                      "IoFile_LessAnd_FileName",
                      [ "Filename_Word", [ "Word", "word" ] ]
                    ]
                  ]
                ]
              ]
            ]
          ]
        ]
      ]
    ]
  ],
  [
    "CompleteCommand_CList",
    [
      "CList_AndOr",
      [
        "AndOr_Pipeline",
        [
          "Pipeline_PipeSequence",
          [
            "PipeSequence_Command",
            [
              "Command_SimpleCommand",
              [
                "SimpleCommand_CmdName_CmdSuffix",
                [ "CmdName_Word", [ "Word", "echo" ] ],
                [
                  "CmdSuffix_IoRedirect",
                  [
                    "IoRedirect_IoNumber_IoFile",
                    [ "IONumber", "7" ],
                    [
                      "IoFile_LessAnd_FileName",
                      [ "Filename_Word", [ "Word", "2" ] ]
                    ]
                  ]
                ]
              ]
            ]
          ]
        ]
      ]
    ]
  ],
  [
    "CompleteCommand_CList",
    [
      "CList_AndOr",
      [
        "AndOr_Pipeline",
        [
          "Pipeline_PipeSequence",
          [
            "PipeSequence_Command",
            [
              "Command_SimpleCommand",
              [
                "SimpleCommand_CmdName_CmdSuffix",
                [ "CmdName_Word", [ "Word", "echo" ] ],
                [
                  "CmdSuffix_CmdSuffix_IoRedirect",
                  [ "CmdSuffix_Word", [ "Word", "8" ] ],
                  [
                    "IoRedirect_IoFile",
                    [
                      "IoFile_LessAnd_FileName",
                      [ "Filename_Word", [ "Word", "-" ] ]
                    ]
                  ]
                ]
              ]
            ]
          ]
        ]
      ]
    ]
  ],
  [
    "CompleteCommand_CList",
    [
      "CList_AndOr",
      [
        "AndOr_Pipeline",
        [
          "Pipeline_PipeSequence",
          [
            "PipeSequence_Command",
            [
              "Command_SimpleCommand",
              [
                "SimpleCommand_CmdName_CmdSuffix",
                [ "CmdName_Word", [ "Word", "echo" ] ],
                [
                  "CmdSuffix_IoRedirect",
                  [
                    "IoRedirect_IoNumber_IoFile",
                    [ "IONumber", "9" ],
                    [
                      "IoFile_LessAnd_FileName",
                      [ "Filename_Word", [ "Word", "$(echo 2)" ] ]
                    ]
                  ]
                ]
              ]
            ]
          ]
        ]
      ]
    ]
  ],
  [
    "CompleteCommand_CList",
    [
      "CList_AndOr",
      [
        "AndOr_Pipeline",
        [
          "Pipeline_PipeSequence",
          [
            "PipeSequence_Command",
            [
              "Command_SimpleCommand",
              [
                "SimpleCommand_CmdName_CmdSuffix",
                [ "CmdName_Word", [ "Word", "echo" ] ],
                [
                  "CmdSuffix_CmdSuffix_IoRedirect",
                  [ "CmdSuffix_Word", [ "Word", "2" ] ],
                  [
                    "IoRedirect_IoFile",
                    [
                      "IoFile_LessAnd_FileName",
                      [ "Filename_Word", [ "Word", "$((3 + 1))" ] ]
                    ]
                  ]
                ]
              ]
            ]
          ]
        ]
      ]
    ]
  ]
]