[
  [
    "CompleteCommand_CList",
    [
      "CList_AndOr",
      [
        "AndOr_Pipeline",
        [
          "Pipeline_PipeSequence",
          [
            "PipeSequence_Command",
            [
              "Command_SimpleCommand",
              [
                "SimpleCommand_CmdName_CmdSuffix",
                [ "CmdName_Word", [ "Word", "echo" ] ],
                [ "CmdSuffix_Word", [ "Word", "`=`" ] ]
              ]
            ]
          ]
        ]
      ]
    ]
  ]
]