[
  [
    "CompleteCommand_CList",
    [
      "CList_AndOr",
      [
        "AndOr_Pipeline",
        [
          "Pipeline_PipeSequence",
          [
            "PipeSequence_Command",
            [
              "Command_SimpleCommand",
              [
                "SimpleCommand_CmdPrefix",
                [
                  "CmdPrefix_AssignmentWord",
                  [
                    "AssignmentWord",
                    [ "Name", "BAR" ],
                    [ "Word", "'fo o'\"ba\"r" ]
                  ]
                ]
              ]
            ]
          ]
        ]
      ]
    ]
  ],
  [
    "CompleteCommand_CList",
    [
      "CList_AndOr",
      [
        "AndOr_Pipeline",
        [
          "Pipeline_PipeSequence",
          [
            "PipeSequence_Command",
            [
              "Command_SimpleCommand",
              [
                "SimpleCommand_CmdPrefix_CmdWord_CmdSuffix",
                [
                  "CmdPrefix_AssignmentWord",
                  [ "AssignmentWord", [ "Name", "X" ], [ "Word", "0" ] ]
                ],
                [ "CmdWord_Word", [ "Word", "echo" ] ],
                [ "CmdSuffix_Word", [ "Word", "x$BAR\" \"$(echo $(date))" ] ]
              ]
            ]
          ]
        ]
      ]
    ]
  ]
]