[
  [
    "CompleteCommand_CList",
    [
      "CList_AndOr",
      [
        "AndOr_Pipeline",
        [
          "Pipeline_PipeSequence",
          [
            "PipeSequence_Command",
            [
              "Command_SimpleCommand",
              [
                "SimpleCommand_CmdName",
                [
                  "CmdName_Word",
                  [
                    "Word",
                    "a'='b",
                    [
                      [ "WordLiteral", "a" ],
                      [
                        "WordSingleQuoted",
                        [ "Word", "=", [ [ "WordLiteral", "=" ] ] ]
                      ],
                      [ "WordLiteral", "b" ]
                    ]
                  ]
                ]
              ]
            ]
          ]
        ]
      ]
    ]
  ],
  [
    "CompleteCommand_CList",
    [
      "CList_AndOr",
      [
        "AndOr_Pipeline",
        [
          "Pipeline_PipeSequence",
          [
            "PipeSequence_Command",
            [
              "Command_SimpleCommand",
              [
                "SimpleCommand_CmdName",
                [
                  "CmdName_Word",
                  [
                    "Word",
                    "a\"=\"b",
                    [
                      [ "WordLiteral", "a" ],
                      [
                        "WordDoubleQuoted",
                        [ "Word", "=", [ [ "WordLiteral", "=" ] ] ]
                      ],
                      [ "WordLiteral", "b" ]
                    ]
                  ]
                ]
              ]
            ]
          ]
        ]
      ]
    ]
  ],
  [
    "CompleteCommand_CList",
    [
      "CList_AndOr",
      [
        "AndOr_Pipeline",
        [
          "Pipeline_PipeSequence",
          [
            "PipeSequence_Command",
            [
              "Command_SimpleCommand",
              [
                "SimpleCommand_CmdName",
                [
                  "CmdName_Word",
                  [
                    "Word",
                    "a$(=)b",
                    [
                      [ "WordLiteral", "a" ],
                      [
                        "WordSubshell",
                        [ "SubShellKindParentheses" ],
                        [
                          [
                            "CompleteCommand_CList",
                            [
                              "CList_AndOr",
                              [
                                "AndOr_Pipeline",
                                [
                                  "Pipeline_PipeSequence",
                                  [
                                    "PipeSequence_Command",
                                    [
                                      "Command_SimpleCommand",
                                      [
                                        "SimpleCommand_CmdName",
                                        [
                                          "CmdName_Word",
                                          [
                                            "Word",
                                            "=",
                                            [ [ "WordLiteral", "=" ] ]
                                          ]
                                        ]
                                      ]
                                    ]
                                  ]
                                ]
                              ]
                            ]
                          ]
                        ]
                      ],
                      [ "WordLiteral", "b" ]
                    ]
                  ]
                ]
              ]
            ]
          ]
        ]
      ]
    ]
  ],
  [
    "CompleteCommand_CList",
    [
      "CList_AndOr",
      [
        "AndOr_Pipeline",
        [
          "Pipeline_PipeSequence",
          [
            "PipeSequence_Command",
            [
              "Command_SimpleCommand",
              [
                "SimpleCommand_CmdName",
                [
                  "CmdName_Word",
                  [
                    "Word",
                    "a`=`b",
                    [
                      [ "WordLiteral", "a" ],
                      [
                        "WordSubshell",
                        [ "SubShellKindBackQuote" ],
                        [
                          [
                            "CompleteCommand_CList",
                            [
                              "CList_AndOr",
                              [
                                "AndOr_Pipeline",
                                [
                                  "Pipeline_PipeSequence",
                                  [
                                    "PipeSequence_Command",
                                    [
                                      "Command_SimpleCommand",
                                      [
                                        "SimpleCommand_CmdName",
                                        [
                                          "CmdName_Word",
                                          [
                                            "Word",
                                            "=",
                                            [ [ "WordLiteral", "=" ] ]
                                          ]
                                        ]
                                      ]
                                    ]
                                  ]
                                ]
                              ]
                            ]
                          ]
                        ]
                      ],
                      [ "WordLiteral", "b" ]
                    ]
                  ]
                ]
              ]
            ]
          ]
        ]
      ]
    ]
  ],
  [
    "CompleteCommand_CList",
    [
      "CList_AndOr",
      [
        "AndOr_Pipeline",
        [
          "Pipeline_PipeSequence",
          [
            "PipeSequence_Command",
            [
              "Command_SimpleCommand",
              [
                "SimpleCommand_CmdName",
                [
                  "CmdName_Word",
                  [ "Word", "a$((=))b", [ [ "WordLiteral", "a$((=))b" ] ] ]
                ]
              ]
            ]
          ]
        ]
      ]
    ]
  ],
  [
    "CompleteCommand_CList",
    [
      "CList_AndOr",
      [
        "AndOr_Pipeline",
        [
          "Pipeline_PipeSequence",
          [
            "PipeSequence_Command",
            [
              "Command_SimpleCommand",
              [
                "SimpleCommand_CmdPrefix",
                [
                  "CmdPrefix_AssignmentWord",
                  [
                    [ "Name", "a" ],
                    [ "Word", "b", [ [ "WordLiteral", "b" ] ] ]
                  ]
                ]
              ]
            ]
          ]
        ]
      ]
    ]
  ]
]