[
  [
    "CompleteCommand_CList",
    [
      "CList_AndOr",
      [
        "AndOr_Pipeline",
        [
          "Pipeline_PipeSequence",
          [
            "PipeSequence_Command",
            [
              "Command_SimpleCommand",
              [
                "SimpleCommand_CmdPrefix",
                [
                  "CmdPrefix_AssignmentWord",
                  [
                    [ "Name", "x" ],
                    [
                      "Word",
                      "\" ` echo \\\"  \\\\\\\\' \\\"  ` \"",
                      [
                        [
                          "WordDoubleQuoted",
                          [
                            "Word",
                            " ` echo \\\"  \\\\\\\\' \\\"  ` ",
                            [
                              [ "WordLiteral", " " ],
                              [
                                "WordSubshell",
                                [ "SubShellKindBackQuote" ],
                                [
                                  [
                                    "CompleteCommand_CList",
                                    [
                                      "CList_AndOr",
                                      [
                                        "AndOr_Pipeline",
                                        [
                                          "Pipeline_PipeSequence",
                                          [
                                            "PipeSequence_Command",
                                            [
                                              "Command_SimpleCommand",
                                              [
                                                "SimpleCommand_CmdName_CmdSuffix",
                                                [
                                                  "CmdName_Word",
                                                  [
                                                    "Word",
                                                    "echo",
                                                    [
                                                      [ "WordName", "echo" ]
                                                    ]
                                                  ]
                                                ],
                                                [
                                                  "CmdSuffix_Word",
                                                  [
                                                    "Word",
                                                    "\\\"  \\\\\\\\' \\\"",
                                                    [
                                                      [ "WordLiteral", "\\" ],
                                                      [
                                                        "WordDoubleQuoted",
                                                        [
                                                          "Word",
                                                          "  \\\\\\\\' \\",
                                                          [
                                                            [
                                                              "WordLiteral",
                                                              "  \\\\\\\\' \\"
                                                            ]
                                                          ]
                                                        ]
                                                      ]
                                                    ]
                                                  ]
                                                ]
                                              ]
                                            ]
                                          ]
                                        ]
                                      ]
                                    ]
                                  ]
                                ]
                              ],
                              [ "WordLiteral", " " ]
                            ]
                          ]
                        ]
                      ]
                    ]
                  ]
                ]
              ]
            ]
          ]
        ]
      ]
    ]
  ]
]