[
  [
    "CompleteCommand_CList",
    [
      "CList_AndOr",
      [
        "AndOr_Pipeline",
        [
          "Pipeline_PipeSequence",
          [
            "PipeSequence_Command",
            [
              "Command_SimpleCommand",
              [
                "SimpleCommand_CmdName_CmdSuffix",
                [
                  "CmdName_Word",
                  [ "Word", "echo", [ [ "WordName", "echo" ] ] ]
                ],
                [
                  "CmdSuffix_Word",
                  [
                    "Word",
                    "\"\\\"\"",
                    [
                      [
                        "WordDoubleQuoted",
                        [ "Word", "\\\"", [ [ "WordLiteral", "\\\"" ] ] ]
                      ]
                    ]
                  ]
                ]
              ]
            ]
          ]
        ]
      ]
    ]
  ],
  [
    "CompleteCommand_CList",
    [
      "CList_AndOr",
      [
        "AndOr_Pipeline",
        [
          "Pipeline_PipeSequence",
          [
            "PipeSequence_Command",
            [
              "Command_SimpleCommand",
              [
                "SimpleCommand_CmdName_CmdSuffix",
                [
                  "CmdName_Word",
                  [ "Word", "echo", [ [ "WordName", "echo" ] ] ]
                ],
                [
                  "CmdSuffix_Word",
                  [
                    "Word",
                    "\" $(echo `echo \"\\\\\"\"` )\"",
                    [
                      [
                        "WordDoubleQuoted",
                        [
                          "Word",
                          " $(echo `echo \"\\\\\"\"` )",
                          [
                            [ "WordLiteral", " " ],
                            [
                              "WordSubshell",
                              [ "SubShellKindParentheses" ],
                              [
                                [
                                  "CompleteCommand_CList",
                                  [
                                    "CList_AndOr",
                                    [
                                      "AndOr_Pipeline",
                                      [
                                        "Pipeline_PipeSequence",
                                        [
                                          "PipeSequence_Command",
                                          [
                                            "Command_SimpleCommand",
                                            [
                                              "SimpleCommand_CmdName_CmdSuffix",
                                              [
                                                "CmdName_Word",
                                                [
                                                  "Word",
                                                  "echo",
                                                  [ [ "WordName", "echo" ] ]
                                                ]
                                              ],
                                              [
                                                "CmdSuffix_Word",
                                                [
                                                  "Word",
                                                  "`echo \"\\\\\"\"`",
                                                  [
                                                    [
                                                      "WordSubshell",
                                                      [
                                                        "SubShellKindBackQuote"
                                                      ],
                                                      [
                                                        [
                                                          "CompleteCommand_CList",
                                                          [
                                                            "CList_AndOr",
                                                            [
                                                              "AndOr_Pipeline",
                                                              [
                                                                "Pipeline_PipeSequence",
                                                                [
                                                                  "PipeSequence_Command",
                                                                  [
                                                                    "Command_SimpleCommand",
                                                                    [
                                                                    "SimpleCommand_CmdName_CmdSuffix",
                                                                    [
                                                                    "CmdName_Word",
                                                                    [
                                                                    "Word",
                                                                    "echo",
                                                                    [
                                                                    [
                                                                    "WordName",
                                                                    "echo"
                                                                    ]
                                                                    ]
                                                                    ]
                                                                    ],
                                                                    [
                                                                    "CmdSuffix_Word",
                                                                    [
                                                                    "Word",
                                                                    "\"\\\\\"\"",
                                                                    [
                                                                    [
                                                                    "WordDoubleQuoted",
                                                                    [
                                                                    "Word",
                                                                    "\\\\\"",
                                                                    [
                                                                    [
                                                                    "WordLiteral",
                                                                    "\\\\\""
                                                                    ]
                                                                    ]
                                                                    ]
                                                                    ]
                                                                    ]
                                                                    ]
                                                                    ]
                                                                    ]
                                                                  ]
                                                                ]
                                                              ]
                                                            ]
                                                          ]
                                                        ]
                                                      ]
                                                    ]
                                                  ]
                                                ]
                                              ]
                                            ]
                                          ]
                                        ]
                                      ]
                                    ]
                                  ]
                                ]
                              ]
                            ],
                            [ "WordEmpty" ],
                            [ "WordLiteral", "" ]
                          ]
                        ]
                      ]
                    ]
                  ]
                ]
              ]
            ]
          ]
        ]
      ]
    ]
  ]
]