[
  [
    "CompleteCommand_CList",
    [
      "CList_AndOr",
      [
        "AndOr_Pipeline",
        [
          "Pipeline_PipeSequence",
          [
            "PipeSequence_Command",
            [
              "Command_SimpleCommand",
              [
                "SimpleCommand_CmdName_CmdSuffix",
                [
                  "CmdName_Word",
                  [ "Word", "alias", [ [ "WordName", "alias" ] ] ]
                ],
                [
                  "CmdSuffix_Word",
                  [
                    "Word",
                    "rename=alias",
                    [
                      [
                        "WordAssignmentWord",
                        [
                          [ "Name", "rename" ],
                          [ "Word", "alias", [ [ "WordLiteral", "alias" ] ] ]
                        ]
                      ]
                    ]
                  ]
                ]
              ]
            ]
          ]
        ]
      ]
    ]
  ],
  [
    "CompleteCommand_CList",
    [
      "CList_AndOr",
      [
        "AndOr_Pipeline",
        [
          "Pipeline_PipeSequence",
          [
            "PipeSequence_Command",
            [
              "Command_SimpleCommand",
              [
                "SimpleCommand_CmdName_CmdSuffix",
                [
                  "CmdName_Word",
                  [ "Word", "alias", [ [ "WordName", "alias" ] ] ]
                ],
                [
                  "CmdSuffix_Word",
                  [
                    "Word",
                    "time=date",
                    [
                      [
                        "WordAssignmentWord",
                        [
                          [ "Name", "time" ],
                          [ "Word", "date", [ [ "WordLiteral", "date" ] ] ]
                        ]
                      ]
                    ]
                  ]
                ]
              ]
            ]
          ]
        ]
      ]
    ]
  ],
  [
    "CompleteCommand_CList",
    [
      "CList_AndOr",
      [
        "AndOr_Pipeline",
        [
          "Pipeline_PipeSequence",
          [
            "PipeSequence_Command",
            [
              "Command_SimpleCommand",
              [
                "SimpleCommand_CmdName",
                [
                  "CmdName_Word",
                  [ "Word", "date", [ [ "WordName", "date" ] ] ]
                ]
              ]
            ]
          ]
        ]
      ]
    ]
  ]
]