[
  "Program_LineBreak_CompleteCommands_LineBreak",
  [ "LineBreak_Empty" ],
  [
    "CompleteCommands_CompleteCommands_NewlineList_CompleteCommand",
    [
      "CompleteCommands_CompleteCommands_NewlineList_CompleteCommand",
      [
        "CompleteCommands_CompleteCommands_NewlineList_CompleteCommand",
        [
          "CompleteCommands_CompleteCommands_NewlineList_CompleteCommand",
          [
            "CompleteCommands_CompleteCommands_NewlineList_CompleteCommand",
            [
              "CompleteCommands_CompleteCommands_NewlineList_CompleteCommand",
              [
                "CompleteCommands_CompleteCommand",
                [
                  "CompleteCommand_CList",
                  [
                    "CList_AndOr",
                    [
                      "AndOr_Pipeline",
                      [
                        "Pipeline_PipeSequence",
                        [
                          "PipeSequence_Command",
                          [
                            "Command_SimpleCommand",
                            [
                              "SimpleCommand_CmdName_CmdSuffix",
                              [
                                "CmdName_Word",
                                [
                                  "Word",
                                  "alias",
                                  [ [ "WordName", "alias" ] ]
                                ]
                              ],
                              [
                                "CmdSuffix_Word",
                                [
                                  "Word",
                                  "x='echo '",
                                  [
                                    [
                                      "WordAssignmentWord",
                                      [
                                        [ "Name", "x" ],
                                        [
                                          "Word",
                                          "'echo '",
                                          [
                                            [
                                              "WordSingleQuoted",
                                              [
                                                "Word",
                                                "echo ",
                                                [
                                                  [ "WordLiteral", "echo " ]
                                                ]
                                              ]
                                            ]
                                          ]
                                        ]
                                      ]
                                    ]
                                  ]
                                ]
                              ]
                            ]
                          ]
                        ]
                      ]
                    ]
                  ]
                ]
              ],
              [ "NewLineList_NewLine" ],
              [
                "CompleteCommand_CList",
                [
                  "CList_AndOr",
                  [
                    "AndOr_Pipeline",
                    [
                      "Pipeline_PipeSequence",
                      [
                        "PipeSequence_Command",
                        [
                          "Command_SimpleCommand",
                          [
                            "SimpleCommand_CmdName_CmdSuffix",
                            [
                              "CmdName_Word",
                              [
                                "Word",
                                "alias",
                                [ [ "WordName", "alias" ] ]
                              ]
                            ],
                            [
                              "CmdSuffix_Word",
                              [
                                "Word",
                                "z='a '",
                                [
                                  [
                                    "WordAssignmentWord",
                                    [
                                      [ "Name", "z" ],
                                      [
                                        "Word",
                                        "'a '",
                                        [
                                          [
                                            "WordSingleQuoted",
                                            [
                                              "Word",
                                              "a ",
                                              [ [ "WordLiteral", "a " ] ]
                                            ]
                                          ]
                                        ]
                                      ]
                                    ]
                                  ]
                                ]
                              ]
                            ]
                          ]
                        ]
                      ]
                    ]
                  ]
                ]
              ]
            ],
            [ "NewLineList_NewLine" ],
            [
              "CompleteCommand_CList",
              [
                "CList_AndOr",
                [
                  "AndOr_Pipeline",
                  [
                    "Pipeline_PipeSequence",
                    [
                      "PipeSequence_Command",
                      [
                        "Command_SimpleCommand",
                        [
                          "SimpleCommand_CmdName_CmdSuffix",
                          [
                            "CmdName_Word",
                            [ "Word", "'echo '", [ [ "WordLiteral", "x" ] ] ]
                          ],
                          [
                            "CmdSuffix_Word",
                            [ "Word", "'echo '", [ [ "WordLiteral", "x" ] ] ]
                          ]
                        ]
                      ]
                    ]
                  ]
                ]
              ]
            ]
          ],
          [ "NewLineList_NewLine" ],
          [
            "CompleteCommand_CList",
            [
              "CList_AndOr",
              [
                "AndOr_Pipeline",
                [
                  "Pipeline_PipeSequence",
                  [
                    "PipeSequence_Command",
                    [
                      "Command_SimpleCommand",
                      [
                        "SimpleCommand_CmdName_CmdSuffix",
                        [
                          "CmdName_Word",
                          [ "Word", "'echo '", [ [ "WordLiteral", "x" ] ] ]
                        ],
                        [
                          "CmdSuffix_CmdSuffix_Word",
                          [
                            "CmdSuffix_Word",
                            [ "Word", "y", [ [ "WordName", "y" ] ] ]
                          ],
                          [ "Word", "x", [ [ "WordName", "x" ] ] ]
                        ]
                      ]
                    ]
                  ]
                ]
              ]
            ]
          ]
        ],
        [ "NewLineList_NewLine" ],
        [
          "CompleteCommand_CList",
          [
            "CList_AndOr",
            [
              "AndOr_Pipeline",
              [
                "Pipeline_PipeSequence",
                [
                  "PipeSequence_Command",
                  [
                    "Command_SimpleCommand",
                    [
                      "SimpleCommand_CmdName_CmdSuffix",
                      [
                        "CmdName_Word",
                        [ "Word", "'echo '", [ [ "WordLiteral", "x" ] ] ]
                      ],
                      [
                        "CmdSuffix_CmdSuffix_Word",
                        [
                          "CmdSuffix_Word",
                          [ "Word", "'echo '", [ [ "WordLiteral", "x" ] ] ]
                        ],
                        [ "Word", "'echo '", [ [ "WordLiteral", "x" ] ] ]
                      ]
                    ]
                  ]
                ]
              ]
            ]
          ]
        ]
      ],
      [ "NewLineList_NewLine" ],
      [
        "CompleteCommand_CList",
        [
          "CList_AndOr",
          [
            "AndOr_Pipeline",
            [
              "Pipeline_PipeSequence",
              [
                "PipeSequence_Command",
                [
                  "Command_SimpleCommand",
                  [
                    "SimpleCommand_CmdName_CmdSuffix",
                    [
                      "CmdName_Word",
                      [ "Word", "'echo '", [ [ "WordLiteral", "x" ] ] ]
                    ],
                    [
                      "CmdSuffix_CmdSuffix_Word",
                      [
                        "CmdSuffix_CmdSuffix_Word",
                        [
                          "CmdSuffix_Word",
                          [ "Word", "'echo '", [ [ "WordLiteral", "x" ] ] ]
                        ],
                        [ "Word", "y", [ [ "WordName", "y" ] ] ]
                      ],
                      [ "Word", "x", [ [ "WordName", "x" ] ] ]
                    ]
                  ]
                ]
              ]
            ]
          ]
        ]
      ]
    ],
    [ "NewLineList_NewLine" ],
    [
      "CompleteCommand_CList",
      [
        "CList_AndOr",
        [
          "AndOr_Pipeline",
          [
            "Pipeline_PipeSequence",
            [
              "PipeSequence_Command",
              [
                "Command_SimpleCommand",
                [
                  "SimpleCommand_CmdName_CmdSuffix",
                  [
                    "CmdName_Word",
                    [ "Word", "'echo '", [ [ "WordLiteral", "x" ] ] ]
                  ],
                  [
                    "CmdSuffix_CmdSuffix_Word",
                    [
                      "CmdSuffix_Word",
                      [ "Word", "'a '", [ [ "WordLiteral", "z" ] ] ]
                    ],
                    [ "Word", "'echo '", [ [ "WordLiteral", "x" ] ] ]
                  ]
                ]
              ]
            ]
          ]
        ]
      ]
    ]
  ],
  [ "LineBreak_Empty" ]
]