[
  [
    "CompleteCommand_CList",
    [
      "CList_AndOr",
      [
        "AndOr_Pipeline",
        [
          "Pipeline_PipeSequence",
          [
            "PipeSequence_Command",
            [
              "Command_SimpleCommand",
              [
                "SimpleCommand_CmdName_CmdSuffix",
                [ "CmdName_Word", [ "Word", "alias" ] ],
                [
                  "CmdSuffix_CmdSuffix_Word",
                  [
                    "CmdSuffix_CmdSuffix_Word",
                    [ "CmdSuffix_Word", [ "Word", "show=echo" ] ],
                    [ "Word", "list=ls" ]
                  ],
                  [ "Word", "coocoo=kiki" ]
                ]
              ]
            ]
          ]
        ]
      ]
    ]
  ],
  [
    "CompleteCommand_CList",
    [
      "CList_AndOr",
      [
        "AndOr_Pipeline",
        [
          "Pipeline_PipeSequence",
          [
            "PipeSequence_Command",
            [
              "Command_SimpleCommand",
              [
                "SimpleCommand_CmdName_CmdSuffix",
                [ "CmdName_Word", [ "Word", "echo" ] ],
                [ "CmdSuffix_Word", [ "Word", "hello" ] ]
              ]
            ]
          ]
        ]
      ]
    ]
  ],
  [
    "CompleteCommand_CList",
    [
      "CList_AndOr",
      [
        "AndOr_Pipeline",
        [
          "Pipeline_PipeSequence",
          [
            "PipeSequence_Command",
            [
              "Command_SimpleCommand",
              [
                "SimpleCommand_CmdName",
                [ "CmdName_Word", [ "Word", "ls" ] ]
              ]
            ]
          ]
        ]
      ]
    ]
  ]
]