[
  [
    "CompleteCommand_CList",
    [
      "CList_AndOr",
      [
        "AndOr_Pipeline",
        [
          "Pipeline_PipeSequence",
          [
            "PipeSequence_Command",
            [
              "Command_SimpleCommand",
              [
                "SimpleCommand_CmdName_CmdSuffix",
                [
                  "CmdName_Word",
                  [ "Word", "alias", [ [ "WordName", "alias" ] ] ]
                ],
                [
                  "CmdSuffix_Word",
                  [
                    "Word",
                    "foo=for",
                    [
                      [
                        "WordAssignmentWord",
                        [
                          [ "Name", "foo" ],
                          [ "Word", "for", [ [ "WordLiteral", "for" ] ] ]
                        ]
                      ]
                    ]
                  ]
                ]
              ]
            ]
          ]
        ]
      ]
    ]
  ],
  [
    "CompleteCommand_CList",
    [
      "CList_AndOr",
      [
        "AndOr_Pipeline",
        [
          "Pipeline_PipeSequence",
          [
            "PipeSequence_Command",
            [
              "Command_CompoundCommand",
              [
                "CompoundCommand_ForClause",
                [
                  "ForClause_For_Name_LineBreak_In_WordList_SequentialSep_DoGroup",
                  [ "Name", "i" ],
                  [ "LineBreak_Empty" ],
                  [
                    "WordList_Word",
                    [ "Word", "a", [ [ "WordName", "a" ] ] ]
                  ],
                  [
                    "SequentialSep_Semicolon_LineBreak",
                    [ "LineBreak_Empty" ]
                  ],
                  [
                    "DoGroup_Do_CompoundList_Done",
                    [
                      "CompoundList_Term_Separator",
                      [
                        "Term_AndOr",
                        [
                          "AndOr_Pipeline",
                          [
                            "Pipeline_PipeSequence",
                            [
                              "PipeSequence_Command",
                              [
                                "Command_SimpleCommand",
                                [
                                  "SimpleCommand_CmdName_CmdSuffix",
                                  [
                                    "CmdName_Word",
                                    [
                                      "Word",
                                      "echo",
                                      [ [ "WordName", "echo" ] ]
                                    ]
                                  ],
                                  [
                                    "CmdSuffix_Word",
                                    [
                                      "Word",
                                      "$i",
                                      [
                                        [
                                          "WordVariable",
                                          [
                                            "VariableAtom",
                                            "i",
                                            [ "NoAttribute" ]
                                          ]
                                        ]
                                      ]
                                    ]
                                  ]
                                ]
                              ]
                            ]
                          ]
                        ]
                      ],
                      [
                        "Separator_SeparatorOp_LineBreak",
                        [ "SeparatorOp_Semicolon" ],
                        [ "LineBreak_Empty" ]
                      ]
                    ]
                  ]
                ]
              ]
            ]
          ]
        ]
      ]
    ]
  ]
]