[
  [
    "CompleteCommand_CList",
    [
      "CList_AndOr",
      [
        "AndOr_Pipeline",
        [
          "Pipeline_PipeSequence",
          [
            "PipeSequence_Command",
            [
              "Command_CompoundCommand",
              [
                "CompoundCommand_CaseClause",
                [
                  "CaseClause_Case_Word_LineBreak_In_LineBreak_CaseListNS_Esac",
                  [ "Word", "echo" ],
                  [ "LineBreak_Empty" ],
                  [ "LineBreak_NewLineList", [ "NewLineList_NewLine" ] ],
                  [
                    "CaseListNS_CaseList_CaseItemNS",
                    [
                      "CaseList_CaseList_CaseItem",
                      [
                        "CaseList_CaseList_CaseItem",
                        [
                          "CaseList_CaseList_CaseItem",
                          [
                            "CaseList_CaseItem",
                            [
                              "CaseItem_Pattern_Rparen_CompoundList_Dsemi_LineBreak",
                              [ "Pattern_Word", [ "Word", "a" ] ],
                              [
                                "CompoundList_Term",
                                [
                                  "Term_AndOr",
                                  [
                                    "AndOr_Pipeline",
                                    [
                                      "Pipeline_PipeSequence",
                                      [
                                        "PipeSequence_Command",
                                        [
                                          "Command_SimpleCommand",
                                          [
                                            "SimpleCommand_CmdName",
                                            [
                                              "CmdName_Word",
                                              [ "Word", "b" ]
                                            ]
                                          ]
                                        ]
                                      ]
                                    ]
                                  ]
                                ]
                              ],
                              [
                                "LineBreak_NewLineList",
                                [ "NewLineList_NewLine" ]
                              ]
                            ]
                          ],
                          [
                            "CaseItem_Lparen_Pattern_Rparen_CompoundList_Dsemi_LineBreak",
                            [ "Pattern_Word", [ "Word", "c" ] ],
                            [
                              "CompoundList_Term",
                              [
                                "Term_AndOr",
                                [
                                  "AndOr_Pipeline",
                                  [
                                    "Pipeline_PipeSequence",
                                    [
                                      "PipeSequence_Command",
                                      [
                                        "Command_SimpleCommand",
                                        [
                                          "SimpleCommand_CmdName",
                                          [ "CmdName_Word", [ "Word", "d" ] ]
                                        ]
                                      ]
                                    ]
                                  ]
                                ]
                              ]
                            ],
                            [
                              "LineBreak_NewLineList",
                              [ "NewLineList_NewLine" ]
                            ]
                          ]
                        ],
                        [
                          "CaseItem_Lparen_Pattern_Rparen_CompoundList_Dsemi_LineBreak",
                          [
                            "Pattern_Pattern_Pipe_Word",
                            [ "Pattern_Word", [ "Word", "e" ] ],
                            [ "Word", "f" ]
                          ],
                          [
                            "CompoundList_Term",
                            [
                              "Term_AndOr",
                              [
                                "AndOr_Pipeline",
                                [
                                  "Pipeline_PipeSequence",
                                  [
                                    "PipeSequence_Command",
                                    [
                                      "Command_SimpleCommand",
                                      [
                                        "SimpleCommand_CmdName",
                                        [ "CmdName_Word", [ "Word", "g" ] ]
                                      ]
                                    ]
                                  ]
                                ]
                              ]
                            ]
                          ],
                          [
                            "LineBreak_NewLineList",
                            [ "NewLineList_NewLine" ]
                          ]
                        ]
                      ],
                      [
                        "CaseItem_Lparen_Pattern_Rparen_CompoundList_Dsemi_LineBreak",
                        [ "Pattern_Word", [ "Word", "h" ] ],
                        [
                          "CompoundList_Term",
                          [
                            "Term_AndOr",
                            [
                              "AndOr_Pipeline",
                              [
                                "Pipeline_PipeSequence",
                                [
                                  "PipeSequence_Command",
                                  [
                                    "Command_CompoundCommand",
                                    [
                                      "CompoundCommand_Subshell",
                                      [
                                        "Subshell_Lparen_CompoundList_Rparen",
                                        [
                                          "CompoundList_Term",
                                          [
                                            "Term_AndOr",
                                            [
                                              "AndOr_Pipeline",
                                              [
                                                "Pipeline_PipeSequence",
                                                [
                                                  "PipeSequence_Command",
                                                  [
                                                    "Command_SimpleCommand",
                                                    [
                                                      "SimpleCommand_CmdName",
                                                      [
                                                        "CmdName_Word",
                                                        [ "Word", "i" ]
                                                      ]
                                                    ]
                                                  ]
                                                ]
                                              ]
                                            ]
                                          ]
                                        ]
                                      ]
                                    ]
                                  ]
                                ]
                              ]
                            ]
                          ]
                        ],
                        [
                          "LineBreak_NewLineList",
                          [ "NewLineList_NewLine" ]
                        ]
                      ]
                    ],
                    [
                      "CaseItemNS_Lparen_Pattern_Rparen_LineBreak",
                      [ "Pattern_Word", [ "Word", "j" ] ],
                      [ "LineBreak_NewLineList", [ "NewLineList_NewLine" ] ]
                    ]
                  ]
                ]
              ]
            ]
          ]
        ]
      ]
    ]
  ]
]