[
  [
    "CompleteCommand_CList",
    [
      "CList_AndOr",
      [
        "AndOr_Pipeline",
        [
          "Pipeline_PipeSequence",
          [
            "PipeSequence_Command",
            [
              "Command_SimpleCommand",
              [
                "SimpleCommand_CmdName",
                [
                  "CmdName_Word",
                  [
                    "Word",
                    "${parameter-word}",
                    [
                      [
                        "WordVariable",
                        [
                          "VariableAtom",
                          "parameter",
                          [
                            "UseDefaultValues",
                            [
                              "Word",
                              "word",
                              [
                                [
                                  "WordDoubleQuoted",
                                  [
                                    "Word",
                                    "word",
                                    [ [ "WordLiteral", "word" ] ]
                                  ]
                                ]
                              ]
                            ]
                          ]
                        ]
                      ]
                    ]
                  ]
                ]
              ]
            ]
          ]
        ]
      ]
    ]
  ],
  [
    "CompleteCommand_CList",
    [
      "CList_AndOr",
      [
        "AndOr_Pipeline",
        [
          "Pipeline_PipeSequence",
          [
            "PipeSequence_Command",
            [
              "Command_SimpleCommand",
              [
                "SimpleCommand_CmdName",
                [
                  "CmdName_Word",
                  [
                    "Word",
                    "${parameter-word}",
                    [
                      [
                        "WordVariable",
                        [
                          "VariableAtom",
                          "parameter",
                          [
                            "UseDefaultValues",
                            [
                              "Word",
                              "word",
                              [
                                [
                                  "WordDoubleQuoted",
                                  [
                                    "Word",
                                    "word",
                                    [ [ "WordLiteral", "word" ] ]
                                  ]
                                ]
                              ]
                            ]
                          ]
                        ]
                      ]
                    ]
                  ]
                ]
              ]
            ]
          ]
        ]
      ]
    ]
  ],
  [
    "CompleteCommand_CList",
    [
      "CList_AndOr",
      [
        "AndOr_Pipeline",
        [
          "Pipeline_PipeSequence",
          [
            "PipeSequence_Command",
            [
              "Command_SimpleCommand",
              [
                "SimpleCommand_CmdName",
                [
                  "CmdName_Word",
                  [
                    "Word",
                    "${parameter=word}",
                    [
                      [
                        "WordVariable",
                        [
                          "VariableAtom",
                          "parameter",
                          [
                            "AssignDefaultValues",
                            [
                              "Word",
                              "word",
                              [
                                [
                                  "WordDoubleQuoted",
                                  [
                                    "Word",
                                    "word",
                                    [ [ "WordLiteral", "word" ] ]
                                  ]
                                ]
                              ]
                            ]
                          ]
                        ]
                      ]
                    ]
                  ]
                ]
              ]
            ]
          ]
        ]
      ]
    ]
  ],
  [
    "CompleteCommand_CList",
    [
      "CList_AndOr",
      [
        "AndOr_Pipeline",
        [
          "Pipeline_PipeSequence",
          [
            "PipeSequence_Command",
            [
              "Command_SimpleCommand",
              [
                "SimpleCommand_CmdName",
                [
                  "CmdName_Word",
                  [
                    "Word",
                    "${parameter=word}",
                    [
                      [
                        "WordVariable",
                        [
                          "VariableAtom",
                          "parameter",
                          [
                            "AssignDefaultValues",
                            [
                              "Word",
                              "word",
                              [
                                [
                                  "WordDoubleQuoted",
                                  [
                                    "Word",
                                    "word",
                                    [ [ "WordLiteral", "word" ] ]
                                  ]
                                ]
                              ]
                            ]
                          ]
                        ]
                      ]
                    ]
                  ]
                ]
              ]
            ]
          ]
        ]
      ]
    ]
  ],
  [
    "CompleteCommand_CList",
    [
      "CList_AndOr",
      [
        "AndOr_Pipeline",
        [
          "Pipeline_PipeSequence",
          [
            "PipeSequence_Command",
            [
              "Command_SimpleCommand",
              [
                "SimpleCommand_CmdName",
                [
                  "CmdName_Word",
                  [
                    "Word",
                    "${parameter?word}",
                    [
                      [
                        "WordVariable",
                        [
                          "VariableAtom",
                          "parameter",
                          [
                            "IndicateErrorifNullorUnset",
                            [
                              "Word",
                              "word",
                              [
                                [
                                  "WordDoubleQuoted",
                                  [
                                    "Word",
                                    "word",
                                    [ [ "WordLiteral", "word" ] ]
                                  ]
                                ]
                              ]
                            ]
                          ]
                        ]
                      ]
                    ]
                  ]
                ]
              ]
            ]
          ]
        ]
      ]
    ]
  ],
  [
    "CompleteCommand_CList",
    [
      "CList_AndOr",
      [
        "AndOr_Pipeline",
        [
          "Pipeline_PipeSequence",
          [
            "PipeSequence_Command",
            [
              "Command_SimpleCommand",
              [
                "SimpleCommand_CmdName",
                [
                  "CmdName_Word",
                  [
                    "Word",
                    "${parameter?word}",
                    [
                      [
                        "WordVariable",
                        [
                          "VariableAtom",
                          "parameter",
                          [
                            "IndicateErrorifNullorUnset",
                            [
                              "Word",
                              "word",
                              [
                                [
                                  "WordDoubleQuoted",
                                  [
                                    "Word",
                                    "word",
                                    [ [ "WordLiteral", "word" ] ]
                                  ]
                                ]
                              ]
                            ]
                          ]
                        ]
                      ]
                    ]
                  ]
                ]
              ]
            ]
          ]
        ]
      ]
    ]
  ],
  [
    "CompleteCommand_CList",
    [
      "CList_AndOr",
      [
        "AndOr_Pipeline",
        [
          "Pipeline_PipeSequence",
          [
            "PipeSequence_Command",
            [
              "Command_SimpleCommand",
              [
                "SimpleCommand_CmdName",
                [
                  "CmdName_Word",
                  [
                    "Word",
                    "${parameter+word}",
                    [
                      [
                        "WordVariable",
                        [
                          "VariableAtom",
                          "parameter",
                          [
                            "UseAlternativeValue",
                            [
                              "Word",
                              "word",
                              [
                                [
                                  "WordDoubleQuoted",
                                  [
                                    "Word",
                                    "word",
                                    [ [ "WordLiteral", "word" ] ]
                                  ]
                                ]
                              ]
                            ]
                          ]
                        ]
                      ]
                    ]
                  ]
                ]
              ]
            ]
          ]
        ]
      ]
    ]
  ],
  [
    "CompleteCommand_CList",
    [
      "CList_AndOr",
      [
        "AndOr_Pipeline",
        [
          "Pipeline_PipeSequence",
          [
            "PipeSequence_Command",
            [
              "Command_SimpleCommand",
              [
                "SimpleCommand_CmdName",
                [
                  "CmdName_Word",
                  [
                    "Word",
                    "${parameter+word}",
                    [
                      [
                        "WordVariable",
                        [
                          "VariableAtom",
                          "parameter",
                          [
                            "UseAlternativeValue",
                            [
                              "Word",
                              "word",
                              [
                                [
                                  "WordDoubleQuoted",
                                  [
                                    "Word",
                                    "word",
                                    [ [ "WordLiteral", "word" ] ]
                                  ]
                                ]
                              ]
                            ]
                          ]
                        ]
                      ]
                    ]
                  ]
                ]
              ]
            ]
          ]
        ]
      ]
    ]
  ]
]