[
  [
    "CompleteCommand_CList",
    [
      "CList_AndOr",
      [
        "AndOr_Pipeline",
        [
          "Pipeline_PipeSequence",
          [
            "PipeSequence_Command",
            [
              "Command_SimpleCommand",
              [
                "SimpleCommand_CmdName",
                [
                  "CmdName_Word",
                  [
                    "Word",
                    "${parameter=$(echo foo)}",
                    [
                      [
                        "WordVariable",
                        [
                          "VariableAtom",
                          "parameter",
                          [
                            "AssignDefaultValues",
                            [
                              "Word",
                              "$(echo foo)",
                              [
                                [
                                  "WordDoubleQuoted",
                                  [
                                    "Word",
                                    "$(echo foo)",
                                    [
                                      [
                                        "WordSubshell",
                                        [ "SubShellKindParentheses" ],
                                        [
                                          [
                                            "CompleteCommand_CList",
                                            [
                                              "CList_AndOr",
                                              [
                                                "AndOr_Pipeline",
                                                [
                                                  "Pipeline_PipeSequence",
                                                  [
                                                    "PipeSequence_Command",
                                                    [
                                                      "Command_SimpleCommand",
                                                      [
                                                        "SimpleCommand_CmdName_CmdSuffix",
                                                        [
                                                          "CmdName_Word",
                                                          [
                                                            "Word",
                                                            "echo",
                                                            [
                                                              [
                                                                "WordName",
                                                                "echo"
                                                              ]
                                                            ]
                                                          ]
                                                        ],
                                                        [
                                                          "CmdSuffix_Word",
                                                          [
                                                            "Word",
                                                            "foo",
                                                            [
                                                              [
                                                                "WordName",
                                                                "foo"
                                                              ]
                                                            ]
                                                          ]
                                                        ]
                                                      ]
                                                    ]
                                                  ]
                                                ]
                                              ]
                                            ]
                                          ]
                                        ]
                                      ]
                                    ]
                                  ]
                                ]
                              ]
                            ]
                          ]
                        ]
                      ]
                    ]
                  ]
                ]
              ]
            ]
          ]
        ]
      ]
    ]
  ]
]