[
  [
    "CompleteCommand_CList",
    [
      "CList_AndOr",
      [
        "AndOr_Pipeline",
        [
          "Pipeline_PipeSequence",
          [
            "PipeSequence_Command",
            [
              "Command_SimpleCommand",
              [
                "SimpleCommand_CmdName_CmdSuffix",
                [
                  "CmdName_Word",
                  [ "Word", "cat", [ [ "WordName", "cat" ] ] ]
                ],
                [
                  "CmdSuffix_IoRedirect",
                  [
                    "IoRedirect_IoHere",
                    [
                      "IoHere_DLess_HereEnd",
                      [
                        "HereEnd_Word",
                        [
                          "Word",
                          "\"EOF1\"",
                          [
                            [
                              "WordDoubleQuoted",
                              [
                                "Word",
                                "EOF1",
                                [ [ "WordLiteral", "EOF1" ] ]
                              ]
                            ]
                          ]
                        ]
                      ],
                      [
                        "Word",
                        "\\a\\$\\\\\nEOF1",
                        [ [ "WordLiteral", "\\a\\$\\\\\nEOF1" ] ]
                      ]
                    ]
                  ]
                ]
              ]
            ]
          ]
        ]
      ]
    ]
  ],
  [
    "CompleteCommand_CList",
    [
      "CList_AndOr",
      [
        "AndOr_Pipeline",
        [
          "Pipeline_PipeSequence",
          [
            "PipeSequence_Command",
            [
              "Command_SimpleCommand",
              [
                "SimpleCommand_CmdName_CmdSuffix",
                [
                  "CmdName_Word",
                  [ "Word", "cat", [ [ "WordName", "cat" ] ] ]
                ],
                [
                  "CmdSuffix_IoRedirect",
                  [
                    "IoRedirect_IoHere",
                    [
                      "IoHere_DLess_HereEnd",
                      [
                        "HereEnd_Word",
                        [ "Word", "EOF2", [ [ "WordName", "EOF2" ] ] ]
                      ],
                      [
                        "Word",
                        "\\a\\$\\\\\nEOF2",
                        [ [ "WordLiteral", "\\a\\$\\\\\nEOF2" ] ]
                      ]
                    ]
                  ]
                ]
              ]
            ]
          ]
        ]
      ]
    ]
  ]
]