[
  [
    "CompleteCommand_CList",
    [
      "CList_AndOr",
      [
        "AndOr_Pipeline",
        [
          "Pipeline_PipeSequence",
          [
            "PipeSequence_Command",
            [
              "Command_SimpleCommand",
              [
                "SimpleCommand_CmdName_CmdSuffix",
                [ "CmdName_Word", [ "Word", "cat" ] ],
                [
                  "CmdSuffix_IoRedirect",
                  [
                    "IoRedirect_IoHere",
                    [
                      "IoHere_DLess_HereEnd",
                      [ "HereEnd_Word", [ "Word", "'EOT'" ] ],
                      [ "Word", "abc ` def\nghi \\\njkl\n" ]
                    ]
                  ]
                ]
              ]
            ]
          ]
        ]
      ]
    ]
  ]
]