[
  [
    "CompleteCommand_CList",
    [
      "CList_AndOr",
      [
        "AndOr_Pipeline",
        [
          "Pipeline_PipeSequence",
          [
            "PipeSequence_Command",
            [
              "Command_CompoundCommand",
              [
                "CompoundCommand_ForClause",
                [
                  "ForClause_For_Name_LineBreak_In_WordList_SequentialSep_DoGroup",
                  [ "Name", "i" ],
                  [ "LineBreak_Empty" ],
                  [
                    "WordList_WordList_Word",
                    [
                      "WordList_Word",
                      [ "Word", "a", [ [ "WordName", "a" ] ] ]
                    ],
                    [ "Word", "b", [ [ "WordName", "b" ] ] ]
                  ],
                  [
                    "SequentialSep_Semicolon_LineBreak",
                    [ "LineBreak_Empty" ]
                  ],
                  [
                    "DoGroup_Do_CompoundList_Done",
                    [
                      "CompoundList_Term_Separator",
                      [
                        "Term_AndOr",
                        [
                          "AndOr_Pipeline",
                          [
                            "Pipeline_PipeSequence",
                            [
                              "PipeSequence_Command",
                              [
                                "Command_SimpleCommand",
                                [
                                  "SimpleCommand_CmdName_CmdSuffix",
                                  [
                                    "CmdName_Word",
                                    [
                                      "Word",
                                      "echo",
                                      [ [ "WordName", "echo" ] ]
                                    ]
                                  ],
                                  [
                                    "CmdSuffix_Word",
                                    [
                                      "Word",
                                      "$i",
                                      [ [ "WordLiteral", "$i" ] ]
                                    ]
                                  ]
                                ]
                              ]
                            ]
                          ]
                        ]
                      ],
                      [
                        "Separator_SeparatorOp_LineBreak",
                        [ "SeparatorOp_Semicolon" ],
                        [ "LineBreak_Empty" ]
                      ]
                    ]
                  ]
                ]
              ]
            ]
          ]
        ]
      ]
    ]
  ],
  [
    "CompleteCommand_CList",
    [
      "CList_AndOr",
      [
        "AndOr_Pipeline",
        [
          "Pipeline_PipeSequence",
          [
            "PipeSequence_Command",
            [
              "Command_SimpleCommand",
              [
                "SimpleCommand_CmdName_CmdSuffix",
                [
                  "CmdName_Word",
                  [ "Word", "ls", [ [ "WordName", "ls" ] ] ]
                ],
                [
                  "CmdSuffix_CmdSuffix_Word",
                  [
                    "CmdSuffix_CmdSuffix_Word",
                    [
                      "CmdSuffix_CmdSuffix_Word",
                      [
                        "CmdSuffix_CmdSuffix_Word",
                        [
                          "CmdSuffix_Word",
                          [ "Word", "for", [ [ "WordName", "for" ] ] ]
                        ],
                        [ "Word", "i", [ [ "WordName", "i" ] ] ]
                      ],
                      [ "Word", "in", [ [ "WordName", "in" ] ] ]
                    ],
                    [ "Word", "a", [ [ "WordName", "a" ] ] ]
                  ],
                  [ "Word", "b", [ [ "WordName", "b" ] ] ]
                ]
              ]
            ]
          ]
        ]
      ]
    ]
  ]
]