[
  [
    "CompleteCommand_CList",
    [
      "CList_AndOr",
      [
        "AndOr_Pipeline",
        [
          "Pipeline_PipeSequence",
          [
            "PipeSequence_Command",
            [
              "Command_FunctionDefinition",
              [
                "FunctionDefinition_Fname_Lparen_Rparen_LineBreak_FunctionBody",
                [ "Fname_Name", [ "Name", "a" ] ],
                [ "LineBreak_NewLineList", [ "NewLineList_NewLine" ] ],
                [
                  "FunctionBody_CompoundCommand",
                  [
                    "CompoundCommand_Subshell",
                    [
                      "Subshell_Lparen_CompoundList_Rparen",
                      [
                        "CompoundList_NewLineList_Term_Separator",
                        [ "NewLineList_NewLine" ],
                        [
                          "Term_AndOr",
                          [
                            "AndOr_Pipeline",
                            [
                              "Pipeline_PipeSequence",
                              [
                                "PipeSequence_Command",
                                [
                                  "Command_SimpleCommand",
                                  [
                                    "SimpleCommand_CmdName",
                                    [ "CmdName_Word", [ "Word", "echo" ] ]
                                  ]
                                ]
                              ]
                            ]
                          ]
                        ],
                        [
                          "Separator_NewLineList",
                          [ "NewLineList_NewLine" ]
                        ]
                      ]
                    ]
                  ]
                ]
              ]
            ]
          ]
        ]
      ]
    ]
  ]
]