[
  [
    "CompleteCommand_CList",
    [
      "CList_AndOr",
      [
        "AndOr_Pipeline",
        [
          "Pipeline_PipeSequence",
          [
            "PipeSequence_Command",
            [
              "Command_FunctionDefinition",
              [
                "FunctionDefinition_Fname_Lparen_Rparen_LineBreak_FunctionBody",
                [ "Fname_Name", [ "Name", "a" ] ],
                [ "LineBreak_Empty" ],
                [
                  "FunctionBody_CompoundCommand_RedirectList",
                  [
                    "CompoundCommand_UntilClause",
                    [
                      "UntilClause_Until_CompoundList_DoGroup",
                      [
                        "CompoundList_Term_Separator",
                        [
                          "Term_AndOr",
                          [
                            "AndOr_Pipeline",
                            [
                              "Pipeline_PipeSequence",
                              [
                                "PipeSequence_Command",
                                [
                                  "Command_SimpleCommand",
                                  [
                                    "SimpleCommand_CmdName",
                                    [
                                      "CmdName_Word",
                                      [
                                        "Word",
                                        "false",
                                        [ [ "WordName", "false" ] ]
                                      ]
                                    ]
                                  ]
                                ]
                              ]
                            ]
                          ]
                        ],
                        [
                          "Separator_SeparatorOp_LineBreak",
                          [ "SeparatorOp_Semicolon" ],
                          [ "LineBreak_Empty" ]
                        ]
                      ],
                      [
                        "DoGroup_Do_CompoundList_Done",
                        [
                          "CompoundList_Term_Separator",
                          [
                            "Term_AndOr",
                            [
                              "AndOr_Pipeline",
                              [
                                "Pipeline_PipeSequence",
                                [
                                  "PipeSequence_Command",
                                  [
                                    "Command_SimpleCommand",
                                    [
                                      "SimpleCommand_CmdName",
                                      [
                                        "CmdName_Word",
                                        [
                                          "Word",
                                          "echo",
                                          [ [ "WordName", "echo" ] ]
                                        ]
                                      ]
                                    ]
                                  ]
                                ]
                              ]
                            ]
                          ],
                          [
                            "Separator_SeparatorOp_LineBreak",
                            [ "SeparatorOp_Semicolon" ],
                            [ "LineBreak_Empty" ]
                          ]
                        ]
                      ]
                    ]
                  ],
                  [
                    "RedirectList_IoRedirect",
                    [
                      "IoRedirect_IoFile",
                      [
                        "IoFile_Less_FileName",
                        [
                          "Filename_Word",
                          [ "Word", "foo", [ [ "WordName", "foo" ] ] ]
                        ]
                      ]
                    ]
                  ]
                ]
              ]
            ]
          ]
        ]
      ]
    ]
  ]
]