[
  [
    "CompleteCommand_CList",
    [
      "CList_AndOr",
      [
        "AndOr_Pipeline",
        [
          "Pipeline_PipeSequence",
          [
            "PipeSequence_Command",
            [
              "Command_SimpleCommand",
              [
                "SimpleCommand_CmdName_CmdSuffix",
                [
                  "CmdName_Word",
                  [ "Word", "echo", [ [ "WordName", "echo" ] ] ]
                ],
                [
                  "CmdSuffix_Word",
                  [
                    "Word",
                    "\"aa'$(echo \"'\")'bb\"",
                    [
                      [
                        "WordDoubleQuoted",
                        [
                          "Word",
                          "aa'$(echo \"'\")'bb",
                          [
                            [ "WordLiteral", "aa'" ],
                            [
                              "WordSubshell",
                              [ "SubShellKindParentheses" ],
                              [
                                [
                                  "CompleteCommand_CList",
                                  [
                                    "CList_AndOr",
                                    [
                                      "AndOr_Pipeline",
                                      [
                                        "Pipeline_PipeSequence",
                                        [
                                          "PipeSequence_Command",
                                          [
                                            "Command_SimpleCommand",
                                            [
                                              "SimpleCommand_CmdName_CmdSuffix",
                                              [
                                                "CmdName_Word",
                                                [
                                                  "Word",
                                                  "echo",
                                                  [ [ "WordName", "echo" ] ]
                                                ]
                                              ],
                                              [
                                                "CmdSuffix_Word",
                                                [
                                                  "Word",
                                                  "\"'\"",
                                                  [
                                                    [
                                                      "WordDoubleQuoted",
                                                      [
                                                        "Word",
                                                        "'",
                                                        [
                                                          [
                                                            "WordLiteral",
                                                            "'"
                                                          ]
                                                        ]
                                                      ]
                                                    ]
                                                  ]
                                                ]
                                              ]
                                            ]
                                          ]
                                        ]
                                      ]
                                    ]
                                  ]
                                ]
                              ]
                            ],
                            [ "WordLiteral", "'bb" ]
                          ]
                        ]
                      ]
                    ]
                  ]
                ]
              ]
            ]
          ]
        ]
      ]
    ]
  ]
]