[
  [
    "CompleteCommand_CList",
    [
      "CList_AndOr",
      [
        "AndOr_Pipeline",
        [
          "Pipeline_PipeSequence",
          [
            "PipeSequence_Command",
            [
              "Command_CompoundCommand",
              [
                "CompoundCommand_UntilClause",
                [
                  "UntilClause_Until_CompoundList_DoGroup",
                  [
                    "CompoundList_Term",
                    [
                      "Term_AndOr",
                      [
                        "AndOr_Pipeline",
                        [
                          "Pipeline_PipeSequence",
                          [
                            "PipeSequence_Command",
                            [
                              "Command_SimpleCommand",
                              [
                                "SimpleCommand_CmdName",
                                [
                                  "CmdName_Word",
                                  [ "Word", "a", [ [ "WordName", "a" ] ] ]
                                ]
                              ]
                            ]
                          ]
                        ]
                      ]
                    ]
                  ],
                  [
                    "DoGroup_Do_CompoundList_Done",
                    [
                      "CompoundList_Term_Separator",
                      [
                        "Term_AndOr",
                        [
                          "AndOr_Pipeline",
                          [
                            "Pipeline_PipeSequence",
                            [
                              "PipeSequence_Command",
                              [
                                "Command_SimpleCommand",
                                [
                                  "SimpleCommand_CmdName",
                                  [
                                    "CmdName_Word",
                                    [ "Word", "b", [ [ "WordName", "b" ] ] ]
                                  ]
                                ]
                              ]
                            ]
                          ]
                        ]
                      ],
                      [
                        "Separator_SeparatorOp_LineBreak",
                        [ "SeparatorOp_Semicolon" ],
                        [ "LineBreak_Empty" ]
                      ]
                    ]
                  ]
                ]
              ]
            ]
          ]
        ]
      ]
    ]
  ]
]